src/components/cards/__tests__/AppointmentCardDemo.tsx(114,5): error TS2322: Type 'null' is not assignable to type 'ComponentType<any>'.
src/components/patient/profile/ImmunizationsForm.tsx(109,5): error TS2322: Type '{ vaccine?: string | undefined; dateAdministered?: string | undefined; lotNumber?: string; administeredBy?: string; location?: string; notes?: string; }' is not assignable to type '{ vaccine: string; dateAdministered: string; lotNumber?: string | undefined; administeredBy?: string | undefined; location?: string | undefined; notes?: string | undefined; }'.
  Types of property 'vaccine' are incompatible.
    Type 'string | undefined' is not assignable to type 'string'.
      Type 'undefined' is not assignable to type 'string'.
src/components/ui/rich-text-editor.tsx(129,25): error TS2532: Object is possibly 'undefined'.
src/components/website-blocks/CareTeamBlock.tsx(118,17): error TS2532: Object is possibly 'undefined'.
src/components/website-blocks/CareTeamBlock.tsx(118,38): error TS2532: Object is possibly 'undefined'.
src/components/website-blocks/CareTeamBlock.tsx(120,12): error TS2532: Object is possibly 'undefined'.
src/components/website-blocks/ContactBlock.tsx(85,42): error TS7006: Parameter 'line' implicitly has an 'any' type.
src/components/website-blocks/ContactBlock.tsx(304,37): error TS7006: Parameter 'h' implicitly has an 'any' type.
src/components/website-blocks/ContactBlock.tsx(304,40): error TS7006: Parameter 'i' implicitly has an 'any' type.
src/components/website-blocks/FAQBlock.tsx(192,43): error TS2532: Object is possibly 'undefined'.
src/components/website-blocks/FAQBlock.tsx(196,43): error TS2532: Object is possibly 'undefined'.
src/components/website-blocks/FAQBlock.tsx(199,43): error TS2532: Object is possibly 'undefined'.
src/components/website-blocks/FAQBlock.tsx(202,43): error TS2532: Object is possibly 'undefined'.
src/components/website-blocks/MediaBlock.tsx(45,34): error TS2345: Argument of type 'string | undefined' is not assignable to parameter of type 'string'.
  Type 'undefined' is not assignable to type 'string'.
src/components/website-blocks/MediaBlock.tsx(56,23): error TS2345: Argument of type 'string | undefined' is not assignable to parameter of type 'string'.
  Type 'undefined' is not assignable to type 'string'.
src/components/website-blocks/editors/CareTeamBlockEditor.tsx(57,66): error TS2345: Argument of type 'number | undefined' is not assignable to parameter of type 'number'.
  Type 'undefined' is not assignable to type 'number'.
src/components/website-blocks/editors/FAQBlockEditor.tsx(27,5): error TS2322: Type '{ id?: string | undefined; question?: string | undefined; answer?: string | undefined; }' is not assignable to type '{ id: string; question: string; answer: string; }'.
  Types of property 'id' are incompatible.
    Type 'string | undefined' is not assignable to type 'string'.
      Type 'undefined' is not assignable to type 'string'.
src/components/website-builder/BlockConfigPanel.tsx(82,30): error TS2345: Argument of type 'string | undefined' is not assignable to parameter of type 'string'.
  Type 'undefined' is not assignable to type 'string'.
src/components/website-builder/BlockConfigPanel.tsx(83,30): error TS2345: Argument of type 'string | undefined' is not assignable to parameter of type 'string'.
  Type 'undefined' is not assignable to type 'string'.
src/components/website-builder/BlockConfigPanel.tsx(84,30): error TS2345: Argument of type 'string | undefined' is not assignable to parameter of type 'string'.
  Type 'undefined' is not assignable to type 'string'.
src/components/website-builder/MigrationPrompt.tsx(71,40): error TS2339: Property 'websiteBuilder' does not exist on type '{ clinics: { createClinic: FunctionReference<"mutation", "public", { type?: "hospital" | "telehealth" | "office" | undefined; description?: string | undefined; phone?: string | undefined; address?: { ...; } | undefined; ... 7 more ...; isActive: boolean; }, string & { ...; }, string | undefined>; ... 13 more ...; se...'.
src/components/website-builder/MigrationPrompt.tsx(76,35): error TS2339: Property 'websiteBuilder' does not exist on type '{ clinics: { createClinic: FunctionReference<"mutation", "public", { type?: "hospital" | "telehealth" | "office" | undefined; description?: string | undefined; phone?: string | undefined; address?: { ...; } | undefined; ... 7 more ...; isActive: boolean; }, string & { ...; }, string | undefined>; ... 13 more ...; se...'.
src/components/website-builder/ThemeSettings.tsx(72,30): error TS2345: Argument of type 'string | undefined' is not assignable to parameter of type 'string'.
  Type 'undefined' is not assignable to type 'string'.
src/components/website-builder/ThemeSettings.tsx(73,30): error TS2345: Argument of type 'string | undefined' is not assignable to parameter of type 'string'.
  Type 'undefined' is not assignable to type 'string'.
src/components/website-builder/ThemeSettings.tsx(74,30): error TS2345: Argument of type 'string | undefined' is not assignable to parameter of type 'string'.
  Type 'undefined' is not assignable to type 'string'.
src/components/website-builder/VersionHistory.tsx(91,33): error TS2339: Property 'websiteBuilder' does not exist on type '{ clinics: { createClinic: FunctionReference<"mutation", "public", { type?: "hospital" | "telehealth" | "office" | undefined; description?: string | undefined; phone?: string | undefined; address?: { ...; } | undefined; ... 7 more ...; isActive: boolean; }, string & { ...; }, string | undefined>; ... 13 more ...; se...'.
src/components/website-builder/VersionHistory.tsx(97,42): error TS2339: Property 'websiteBuilder' does not exist on type '{ clinics: { createClinic: FunctionReference<"mutation", "public", { type?: "hospital" | "telehealth" | "office" | undefined; description?: string | undefined; phone?: string | undefined; address?: { ...; } | undefined; ... 7 more ...; isActive: boolean; }, string & { ...; }, string | undefined>; ... 13 more ...; se...'.
src/components/website-builder/VersionHistory.tsx(98,42): error TS2339: Property 'websiteBuilder' does not exist on type '{ clinics: { createClinic: FunctionReference<"mutation", "public", { type?: "hospital" | "telehealth" | "office" | undefined; description?: string | undefined; phone?: string | undefined; address?: { ...; } | undefined; ... 7 more ...; isActive: boolean; }, string & { ...; }, string | undefined>; ... 13 more ...; se...'.
src/components/website-builder/VersionHistory.tsx(99,42): error TS2339: Property 'websiteBuilder' does not exist on type '{ clinics: { createClinic: FunctionReference<"mutation", "public", { type?: "hospital" | "telehealth" | "office" | undefined; description?: string | undefined; phone?: string | undefined; address?: { ...; } | undefined; ... 7 more ...; isActive: boolean; }, string & { ...; }, string | undefined>; ... 13 more ...; se...'.
src/components/website-builder/VersionHistory.tsx(100,41): error TS2339: Property 'websiteBuilder' does not exist on type '{ clinics: { createClinic: FunctionReference<"mutation", "public", { type?: "hospital" | "telehealth" | "office" | undefined; description?: string | undefined; phone?: string | undefined; address?: { ...; } | undefined; ... 7 more ...; isActive: boolean; }, string & { ...; }, string | undefined>; ... 13 more ...; se...'.
src/components/website-builder/VersionHistory.tsx(269,31): error TS7006: Parameter 'version' implicitly has an 'any' type.
src/data/testimonials.ts(69,3): error TS2322: Type 'Testimonial | undefined' is not assignable to type 'Testimonial'.
  Type 'undefined' is not assignable to type 'Testimonial'.
src/hooks/useFocusTrap.ts(35,7): error TS2532: Object is possibly 'undefined'.
src/hooks/useFocusTrap.ts(42,7): error TS2532: Object is possibly 'undefined'.
src/hooks/useFocusTrap.ts(62,11): error TS18048: 'lastElement' is possibly 'undefined'.
src/hooks/useFocusTrap.ts(68,11): error TS18048: 'firstElement' is possibly 'undefined'.
src/hooks/useProviderAvailability.ts(377,76): error TS2532: Object is possibly 'undefined'.
src/hooks/useProviderRegistration.ts(55,16): error TS2345: Argument of type 'string | undefined' is not assignable to parameter of type 'SetStateAction<string>'.
  Type 'undefined' is not assignable to type 'SetStateAction<string>'.
src/hooks/useProviderRegistration.ts(68,16): error TS2345: Argument of type 'string | undefined' is not assignable to parameter of type 'SetStateAction<string>'.
  Type 'undefined' is not assignable to type 'SetStateAction<string>'.
src/hooks/useProviderRegistration.ts(81,16): error TS2345: Argument of type 'string | undefined' is not assignable to parameter of type 'SetStateAction<string>'.
  Type 'undefined' is not assignable to type 'SetStateAction<string>'.
src/hooks/useSlotLock.ts(78,47): error TS2339: Property 'slotLocks' does not exist on type '{ clinics: { createClinic: FunctionReference<"mutation", "public", { type?: "hospital" | "telehealth" | "office" | undefined; description?: string | undefined; phone?: string | undefined; address?: { ...; } | undefined; ... 7 more ...; isActive: boolean; }, string & { ...; }, string | undefined>; ... 13 more ...; se...'.
src/hooks/useSlotLock.ts(79,47): error TS2339: Property 'slotLocks' does not exist on type '{ clinics: { createClinic: FunctionReference<"mutation", "public", { type?: "hospital" | "telehealth" | "office" | undefined; description?: string | undefined; phone?: string | undefined; address?: { ...; } | undefined; ... 7 more ...; isActive: boolean; }, string & { ...; }, string | undefined>; ... 13 more ...; se...'.
src/hooks/useSlotLock.ts(80,46): error TS2339: Property 'slotLocks' does not exist on type '{ clinics: { createClinic: FunctionReference<"mutation", "public", { type?: "hospital" | "telehealth" | "office" | undefined; description?: string | undefined; phone?: string | undefined; address?: { ...; } | undefined; ... 7 more ...; isActive: boolean; }, string & { ...; }, string | undefined>; ... 13 more ...; se...'.
src/hooks/useSlotLock.ts(81,55): error TS2339: Property 'slotLocks' does not exist on type '{ clinics: { createClinic: FunctionReference<"mutation", "public", { type?: "hospital" | "telehealth" | "office" | undefined; description?: string | undefined; phone?: string | undefined; address?: { ...; } | undefined; ... 7 more ...; isActive: boolean; }, string & { ...; }, string | undefined>; ... 13 more ...; se...'.
src/hooks/useTouchGestures.ts(59,15): error TS18048: 'touch' is possibly 'undefined'.
src/hooks/useTouchGestures.ts(60,15): error TS18048: 'touch' is possibly 'undefined'.
src/hooks/useTouchGestures.ts(76,22): error TS18048: 'touch' is possibly 'undefined'.
src/hooks/useTouchGestures.ts(76,40): error TS18048: 'touch' is possibly 'undefined'.
src/hooks/useTouchGestures.ts(94,20): error TS18048: 'touch' is possibly 'undefined'.
src/hooks/useTouchGestures.ts(95,20): error TS18048: 'touch' is possibly 'undefined'.
src/hooks/useTouchGestures.ts(128,18): error TS18048: 'touch2' is possibly 'undefined'.
src/hooks/useTouchGestures.ts(128,35): error TS18048: 'touch1' is possibly 'undefined'.
src/hooks/useTouchGestures.ts(129,18): error TS18048: 'touch2' is possibly 'undefined'.
src/hooks/useTouchGestures.ts(129,35): error TS18048: 'touch1' is possibly 'undefined'.
src/hooks/useTouchGestures.ts(136,15): error TS18048: 'touch1' is possibly 'undefined'.
src/hooks/useTouchGestures.ts(136,32): error TS18048: 'touch2' is possibly 'undefined'.
src/hooks/useTouchGestures.ts(137,15): error TS18048: 'touch1' is possibly 'undefined'.
src/hooks/useTouchGestures.ts(137,32): error TS18048: 'touch2' is possibly 'undefined'.
src/hooks/useTouchGestures.ts(157,20): error TS18048: 'touch' is possibly 'undefined'.
src/hooks/useTouchGestures.ts(158,20): error TS18048: 'touch' is possibly 'undefined'.
src/hooks/useTouchGestures.ts(167,24): error TS18048: 'touch' is possibly 'undefined'.
src/hooks/useTouchGestures.ts(167,42): error TS18048: 'touch' is possibly 'undefined'.
src/hooks/useTouchGestures.ts(190,3): error TS2322: Type 'RefObject<HTMLDivElement | null>' is not assignable to type 'RefObject<HTMLDivElement>'.
  Type 'HTMLDivElement | null' is not assignable to type 'HTMLDivElement'.
    Type 'null' is not assignable to type 'HTMLDivElement'.
src/lib/accessibility-utils.ts(57,19): error TS18048: 'rs' is possibly 'undefined'.
src/lib/accessibility-utils.ts(57,33): error TS18048: 'gs' is possibly 'undefined'.
src/lib/accessibility-utils.ts(57,47): error TS18048: 'bs' is possibly 'undefined'.
src/lib/accessibility-utils.ts(66,17): error TS2345: Argument of type 'string | undefined' is not assignable to parameter of type 'string'.
  Type 'undefined' is not assignable to type 'string'.
src/lib/accessibility-utils.ts(67,17): error TS2345: Argument of type 'string | undefined' is not assignable to parameter of type 'string'.
  Type 'undefined' is not assignable to type 'string'.
src/lib/accessibility-utils.ts(68,17): error TS2345: Argument of type 'string | undefined' is not assignable to parameter of type 'string'.
  Type 'undefined' is not assignable to type 'string'.
src/lib/accessibility/accessibilityTestRunner.ts(39,24): error TS2307: Cannot find module 'playwright' or its corresponding type declarations.
src/lib/accessibility/accessibilityTestRunner.ts(43,28): error TS2307: Cannot find module 'playwright' or its corresponding type declarations.
src/lib/accessibility/healthcareAccessibilityTester.ts(29,24): error TS2307: Cannot find module 'playwright' or its corresponding type declarations.
src/lib/accessibility/healthcareAccessibilityTester.ts(32,28): error TS2307: Cannot find module 'playwright' or its corresponding type declarations.
src/lib/accessibility/healthcareAccessibilityTester.ts(59,51): error TS2307: Cannot find module 'playwright' or its corresponding type declarations.
src/lib/accessibility/healthcareAccessibilityTester.ts(126,48): error TS2307: Cannot find module 'playwright' or its corresponding type declarations.
src/lib/accessibility/healthcareAccessibilityTester.ts(191,45): error TS2307: Cannot find module 'playwright' or its corresponding type declarations.
src/lib/accessibility/healthcareAccessibilityTester.ts(270,41): error TS2307: Cannot find module 'playwright' or its corresponding type declarations.
src/lib/accessibility/keyboardTester.ts(27,24): error TS2307: Cannot find module 'playwright' or its corresponding type declarations.
src/lib/accessibility/keyboardTester.ts(29,37): error TS2307: Cannot find module 'playwright' or its corresponding type declarations.
src/lib/accessibility/keyboardTester.ts(31,28): error TS2307: Cannot find module 'playwright' or its corresponding type declarations.
src/lib/accessibility/keyboardTester.ts(183,52): error TS2307: Cannot find module 'playwright' or its corresponding type declarations.
src/lib/accessibility/keyboardTester.ts(206,44): error TS2307: Cannot find module 'playwright' or its corresponding type declarations.
src/lib/accessibility/keyboardTester.ts(290,50): error TS2307: Cannot find module 'playwright' or its corresponding type declarations.
src/lib/accessibility/keyboardTester.ts(298,32): error TS2307: Cannot find module 'playwright' or its corresponding type declarations.
src/lib/accessibility/keyboardTester.ts(382,46): error TS2307: Cannot find module 'playwright' or its corresponding type declarations.
src/lib/accessibility/keyboardTester.ts(390,31): error TS2307: Cannot find module 'playwright' or its corresponding type declarations.
src/lib/accessibility/keyboardTester.ts(461,46): error TS2307: Cannot find module 'playwright' or its corresponding type declarations.
src/lib/accessibility/keyboardTester.ts(469,31): error TS2307: Cannot find module 'playwright' or its corresponding type declarations.
src/lib/accessibility/keyboardTester.ts(554,42): error TS2307: Cannot find module 'playwright' or its corresponding type declarations.
src/lib/accessibility/keyboardTester.ts(604,48): error TS2307: Cannot find module 'playwright' or its corresponding type declarations.
src/lib/accessibility/keyboardTester.ts(668,51): error TS2307: Cannot find module 'playwright' or its corresponding type declarations.
src/lib/auth-mock.ts(13,13): error TS2322: Type '(credentials: Record<"tenantId" | "email" | "password", string> | undefined) => Promise<{ id: string | undefined; email: string; name: string; role: string; originalRole: string; ... 4 more ...; image: null; } | null>' is not assignable to type '(credentials: Record<"tenantId" | "email" | "password", string> | undefined, req: Pick<RequestInternal, "method" | "body" | "query" | "headers">) => Awaitable<...>'.
  Type 'Promise<{ id: string | undefined; email: string; name: string; role: string; originalRole: string; tenantId: string; isOwner: boolean; departments: never[]; permissions: undefined; image: null; } | null>' is not assignable to type 'Awaitable<User | null>'.
    Type 'Promise<{ id: string | undefined; email: string; name: string; role: string; originalRole: string; tenantId: string; isOwner: boolean; departments: never[]; permissions: undefined; image: null; } | null>' is not assignable to type 'PromiseLike<User | null>'.
      Types of property 'then' are incompatible.
        Type '<TResult1 = { id: string | undefined; email: string; name: string; role: string; originalRole: string; tenantId: string; isOwner: boolean; departments: never[]; permissions: undefined; image: null; } | null, TResult2 = never>(onfulfilled?: ((value: { ...; } | null) => TResult1 | PromiseLike<...>) | ... 1 more ... | ...' is not assignable to type '<TResult1 = User | null, TResult2 = never>(onfulfilled?: ((value: User | null) => TResult1 | PromiseLike<TResult1>) | null | undefined, onrejected?: ((reason: any) => TResult2 | PromiseLike<...>) | null | undefined) => PromiseLike<...>'.
          Types of parameters 'onfulfilled' and 'onfulfilled' are incompatible.
            Types of parameters 'value' and 'value' are incompatible.
              Type '{ id: string | undefined; email: string; name: string; role: string; originalRole: string; tenantId: string; isOwner: boolean; departments: never[]; permissions: undefined; image: null; } | null' is not assignable to type 'User | null'.
                Type '{ id: string | undefined; email: string; name: string; role: string; originalRole: string; tenantId: string; isOwner: boolean; departments: never[]; permissions: undefined; image: null; }' is not assignable to type 'User'.
                  Types of property 'id' are incompatible.
                    Type 'string | undefined' is not assignable to type 'string'.
                      Type 'undefined' is not assignable to type 'string'.
src/lib/auth-utils.ts(240,22): error TS2345: Argument of type 'string | undefined' is not assignable to parameter of type 'string'.
  Type 'undefined' is not assignable to type 'string'.
src/lib/auth-utils.ts(252,31): error TS2538: Type 'undefined' cannot be used as an index type.
src/lib/auth-utils.ts(254,80): error TS2345: Argument of type 'string | undefined' is not assignable to parameter of type 'string'.
  Type 'undefined' is not assignable to type 'string'.
src/lib/auth-utils.ts(258,70): error TS2345: Argument of type 'string | undefined' is not assignable to parameter of type 'string'.
  Type 'undefined' is not assignable to type 'string'.
src/lib/auth-utils.ts(263,36): error TS2345: Argument of type 'string | undefined' is not assignable to parameter of type 'string'.
  Type 'undefined' is not assignable to type 'string'.
src/lib/auth-utils.ts(307,27): error TS2538: Type 'undefined' cannot be used as an index type.
src/lib/colors.ts(269,19): error TS18048: 'rs' is possibly 'undefined'.
src/lib/colors.ts(269,33): error TS18048: 'gs' is possibly 'undefined'.
src/lib/colors.ts(269,47): error TS18048: 'bs' is possibly 'undefined'.
src/lib/contrast-validator.ts(32,19): error TS18048: 'rs' is possibly 'undefined'.
src/lib/contrast-validator.ts(32,33): error TS18048: 'gs' is possibly 'undefined'.
src/lib/contrast-validator.ts(32,47): error TS18048: 'bs' is possibly 'undefined'.
src/lib/contrast-validator.ts(41,17): error TS2345: Argument of type 'string | undefined' is not assignable to parameter of type 'string'.
  Type 'undefined' is not assignable to type 'string'.
src/lib/contrast-validator.ts(42,17): error TS2345: Argument of type 'string | undefined' is not assignable to parameter of type 'string'.
  Type 'undefined' is not assignable to type 'string'.
src/lib/contrast-validator.ts(43,17): error TS2345: Argument of type 'string | undefined' is not assignable to parameter of type 'string'.
  Type 'undefined' is not assignable to type 'string'.
src/lib/datetime/dateParsing.ts(36,12): error TS2322: Type 'string | undefined' is not assignable to type 'string'.
  Type 'undefined' is not assignable to type 'string'.
src/lib/datetime/dateParsing.ts(36,19): error TS2322: Type 'string | undefined' is not assignable to type 'string'.
  Type 'undefined' is not assignable to type 'string'.
src/lib/datetime/dateParsing.ts(36,24): error TS2322: Type 'string | undefined' is not assignable to type 'string'.
  Type 'undefined' is not assignable to type 'string'.
src/lib/datetime/dateParsing.ts(38,12): error TS2322: Type 'string | undefined' is not assignable to type 'string'.
  Type 'undefined' is not assignable to type 'string'.
src/lib/datetime/dateParsing.ts(38,17): error TS2322: Type 'string | undefined' is not assignable to type 'string'.
  Type 'undefined' is not assignable to type 'string'.
src/lib/datetime/dateParsing.ts(38,24): error TS2322: Type 'string | undefined' is not assignable to type 'string'.
  Type 'undefined' is not assignable to type 'string'.
src/lib/datetime/dateParsing.ts(45,10): error TS2322: Type 'string | undefined' is not assignable to type 'string'.
  Type 'undefined' is not assignable to type 'string'.
src/lib/datetime/dateParsing.ts(45,16): error TS2322: Type 'string | undefined' is not assignable to type 'string'.
  Type 'undefined' is not assignable to type 'string'.
src/lib/datetime/dateParsing.ts(45,23): error TS2322: Type 'string | undefined' is not assignable to type 'string'.
  Type 'undefined' is not assignable to type 'string'.
src/lib/datetime/dateParsing.ts(51,10): error TS2322: Type 'string | undefined' is not assignable to type 'string'.
  Type 'undefined' is not assignable to type 'string'.
src/lib/datetime/dateParsing.ts(51,15): error TS2322: Type 'string | undefined' is not assignable to type 'string'.
  Type 'undefined' is not assignable to type 'string'.
src/lib/datetime/dateParsing.ts(51,22): error TS2322: Type 'string | undefined' is not assignable to type 'string'.
  Type 'undefined' is not assignable to type 'string'.
src/lib/datetime/dateParsing.ts(59,9): error TS2322: Type 'string | undefined' is not assignable to type 'string'.
  Type 'undefined' is not assignable to type 'string'.
src/lib/datetime/dateParsing.ts(60,9): error TS2322: Type 'string | undefined' is not assignable to type 'string'.
  Type 'undefined' is not assignable to type 'string'.
src/lib/datetime/dateParsing.ts(64,60): error TS18048: 'monthName' is possibly 'undefined'.
src/lib/datetime/formatting.ts(227,16): error TS2345: Argument of type 'number | undefined' is not assignable to parameter of type 'number'.
  Type 'undefined' is not assignable to type 'number'.
src/lib/demo-data.ts(2,23): error TS2307: Cannot find module '@faker-js/faker' or its corresponding type declarations.
src/lib/email/appointment-email.ts(38,42): error TS2769: No overload matches this call.
  The last overload gave the following error.
    Type 'string | undefined' is not assignable to type 'string'.
      Type 'undefined' is not assignable to type 'string'.
src/lib/images/medical-images.ts(329,7): error TS2532: Object is possibly 'undefined'.
src/lib/images/medical-images.ts(329,29): error TS2532: Object is possibly 'undefined'.
src/lib/images/static-images.ts(73,26): error TS2532: Object is possibly 'undefined'.
src/lib/security/csrf-protection.ts(53,46): error TS2345: Argument of type 'string | undefined' is not assignable to parameter of type 'string'.
  Type 'undefined' is not assignable to type 'string'.
src/lib/security/csrf-protection.ts(70,17): error TS2339: Property 'set' does not exist on type 'Promise<ReadonlyRequestCookies>'.
src/lib/security/csrf-protection.ts(84,24): error TS2339: Property 'get' does not exist on type 'Promise<ReadonlyRequestCookies>'.
src/lib/security/dataRetention.ts(211,15): error TS18048: 'local' is possibly 'undefined'.
src/lib/security/encryption.ts(46,29): error TS2551: Property 'createCipher' does not exist on type 'typeof import("node:crypto")'. Did you mean 'createCipheriv'?
src/lib/security/encryption.ts(83,31): error TS2551: Property 'createDecipher' does not exist on type 'typeof import("node:crypto")'. Did you mean 'createDecipheriv'?
src/lib/security/encryption.ts(287,25): error TS2551: Property 'createCipher' does not exist on type 'typeof import("node:crypto")'. Did you mean 'createCipheriv'?
src/lib/security/encryption.ts(305,29): error TS2551: Property 'createDecipher' does not exist on type 'typeof import("node:crypto")'. Did you mean 'createDecipheriv'?
src/lib/security/sessionSecurity.ts(128,36): error TS2769: No overload matches this call.
  Overload 1 of 2, '(data: string): string', gave the following error.
    Argument of type 'string | undefined' is not assignable to parameter of type 'string'.
      Type 'undefined' is not assignable to type 'string'.
  Overload 2 of 2, '(data: string): string', gave the following error.
    Argument of type 'string | undefined' is not assignable to parameter of type 'string'.
      Type 'undefined' is not assignable to type 'string'.
src/lib/security/sessionSecurity.ts(129,37): error TS2769: No overload matches this call.
  Overload 1 of 2, '(data: string): string', gave the following error.
    Argument of type 'string | undefined' is not assignable to parameter of type 'string'.
      Type 'undefined' is not assignable to type 'string'.
  Overload 2 of 2, '(data: string): string', gave the following error.
    Argument of type 'string | undefined' is not assignable to parameter of type 'string'.
      Type 'undefined' is not assignable to type 'string'.
src/lib/superadmin-auth.ts(136,31): error TS2339: Property 'ip' does not exist on type 'NextRequest'.
src/lib/tenant-auth.ts(115,26): error TS2532: Object is possibly 'undefined'.
src/lib/tenant-auth.ts(146,26): error TS2532: Object is possibly 'undefined'.
src/lib/tenant-routing.ts(68,26): error TS2532: Object is possibly 'undefined'.
src/lib/tenant-routing.ts(217,26): error TS2532: Object is possibly 'undefined'.
src/lib/timezone-from-address.ts(189,20): error TS2532: Object is possibly 'undefined'.
src/lib/upload/upload-progress.ts(260,30): error TS2769: No overload matches this call.
  Overload 1 of 3, '(name: string, value: string | Blob): void', gave the following error.
    Argument of type 'Blob | undefined' is not assignable to parameter of type 'string | Blob'.
      Type 'undefined' is not assignable to type 'string | Blob'.
  Overload 2 of 3, '(name: string, value: string): void', gave the following error.
    Argument of type 'Blob | undefined' is not assignable to parameter of type 'string'.
      Type 'undefined' is not assignable to type 'string'.
  Overload 3 of 3, '(name: string, blobValue: Blob, filename?: string | undefined): void', gave the following error.
    Argument of type 'Blob | undefined' is not assignable to parameter of type 'Blob'.
      Type 'undefined' is not assignable to type 'Blob'.
src/lib/utils/date.ts(36,20): error TS2345: Argument of type 'string | undefined' is not assignable to parameter of type 'string'.
  Type 'undefined' is not assignable to type 'string'.
src/lib/utils/date.ts(37,20): error TS2345: Argument of type 'string | undefined' is not assignable to parameter of type 'string'.
  Type 'undefined' is not assignable to type 'string'.
src/lib/utils/date.ts(38,20): error TS2345: Argument of type 'string | undefined' is not assignable to parameter of type 'string'.
  Type 'undefined' is not assignable to type 'string'.
src/lib/utils/request-helpers.ts(56,15): error TS2339: Property 'ip' does not exist on type 'NextRequest'.
src/lib/utils/request-helpers.ts(57,20): error TS2339: Property 'ip' does not exist on type 'NextRequest'.
src/lib/utils/update-page-image.ts(32,7): error TS2322: Type 'string | null | undefined' is not assignable to type 'string | null'.
  Type 'undefined' is not assignable to type 'string | null'.
src/lib/utils/update-page-logo.ts(28,9): error TS2322: Type 'string | undefined' is not assignable to type 'string | null'.
  Type 'undefined' is not assignable to type 'string | null'.
src/lib/website-builder/accessibility.ts(165,19): error TS18048: 'rs' is possibly 'undefined'.
src/lib/website-builder/accessibility.ts(165,33): error TS18048: 'gs' is possibly 'undefined'.
src/lib/website-builder/accessibility.ts(165,47): error TS18048: 'bs' is possibly 'undefined'.
